
> coding-interview-platform@1.0.0 test
> cross-env NODE_OPTIONS=--experimental-vm-modules jest --config=tests/jest.config.js --verbose

node.exe : (node:102316) ExperimentalWarning: VM Modules is an experimental feature and might change at any time
At line:1 char:1
+ & "C:\Program Files\nodejs/node.exe" "C:\Program Files\nodejs/node_mo ...
+ ~~~~~~~~~~~~~~~~~~~~~~~~~~~~~~~~~~~~~~~~~~~~~~~~~~~~~~~~~~~~~~~~~~~~~
    + CategoryInfo          : NotSpecified: ((node:102316) E...nge at any time:String) [], RemoteException
    + FullyQualifiedErrorId : NativeCommandError
 
(Use `node --trace-warnings ...` to show where the warning was created)
  console.log
    User connected: I6jJQIG-MnA5ZkDsAAAB

      at Namespace.<anonymous> (../backend/src/socket.js:5:13)

  console.log
    User I6jJQIG-MnA5ZkDsAAAB joined room test-room

      at Socket.<anonymous> (../backend/src/socket.js:30:15)

  console.log
    User I6jJQIG-MnA5ZkDsAAAB joined room test-room-code

      at Socket.<anonymous> (../backend/src/socket.js:30:15)

  console.log
    User I6jJQIG-MnA5ZkDsAAAB joined room test-room-lang

      at Socket.<anonymous> (../backend/src/socket.js:30:15)

  console.log
    User disconnected: I6jJQIG-MnA5ZkDsAAAB

      at Socket.<anonymous> (../backend/src/socket.js:58:15)
          at Map.forEach (<anonymous>)
          at Array.map (<anonymous>)

FAIL tests/integration.test.js (6.499 s)
  ΓùÅ Coding Interview Platform Integration Tests ΓÇ║ WebSocket Events ΓÇ║ should broadcast code changes to other users

    thrown: "Exceeded timeout of 5000 ms for a test while waiting for `done()` to be called.
    Add a timeout value to this test to increase the timeout, if this is a long-running test. See https://jestjs.io/docs/api#testname-fn-timeout."

    [0m [90m 127 |[39m     })[33m;[39m
     [90m 128 |[39m
    [31m[1m>[22m[39m[90m 129 |[39m     it([32m'should broadcast code changes to other users'[39m[33m,[39m (done) [33m=>[39m {
     [90m     |[39m     [31m[1m^[22m[39m
     [90m 130 |[39m       [36mconst[39m roomId [33m=[39m [32m'test-room-code'[39m[33m;[39m
     [90m 131 |[39m       rooms[33m.[39m[36mset[39m(roomId[33m,[39m {
     [90m 132 |[39m         id[33m:[39m roomId[33m,[39m[0m

      at integration.test.js:129:5
      at integration.test.js:107:3
      at integration.test.js:10:1


  ΓùÅ Test suite failed to run

    listen EADDRINUSE: address already in use :::5000

    [0m [90m 75 |[39m [90m// START SERVER (only declare PORT once!)[39m
     [90m 76 |[39m [36mconst[39m [33mPORT[39m [33m=[39m process[33m.[39menv[33m.[39m[33mPORT[39m [33m||[39m [35m5000[39m[33m;[39m
    [31m[1m>[22m[39m[90m 77 |[39m server[33m.[39mlisten([33mPORT[39m[33m,[39m () [33m=>[39m {
     [90m    |[39m        [31m[1m^[22m[39m
     [90m 78 |[39m   console[33m.[39mlog([32m`≡ƒÜÇ Server running on port ${PORT}`[39m)[33m;[39m
     [90m 79 |[39m })[33m;[39m[0m

      at ../backend/src/server.js:77:8

Test Suites: 1 failed, 1 total
Tests:       1 failed, 4 passed, 5 total
Snapshots:   0 total
Time:        6.592 s, estimated 7 s
Ran all test suites.
